TIC 229689348: 1 signals in 26 s
TIC 198412174: 1 signals in 34 s
TIC 32090583: 3 signals in 50 s
TIC 294053492: 1 signals in 24 s
TIC 149390648: 1 signals in 46 s
TIC 219875976: 1 signals in 20 s
TIC 259233660: 1 signals in 30 s
TIC 364074068: 1 signals in 12 s
TIC 150428135: 3 signals in 25 s
TIC 356016119: 1 signals in 21 s
TIC 279251651: 1 signals in 9 s
TIC 307210830: 3 signals in 20 s
TIC 198211976: 1 signals in 11 s
TIC 441738827: 2 signals in 31 s
systematic floor: fitted 0.59", 95% coverage needs 1.4000000000000001" from 46 known cases (used 1.50"); flagged unreliable: ['TOI-6000b_inject_target', 'TOI-6000b_inject_2261062378812853888', 'TOI-6000b_inject_2261062172654423936', 'TOI-6000b_inject_2261056503297591552']
                                      label       kind  offset_arcsec  offset_err_arcsec  target_sigma best_star_is_target  amplitude_ratio  chi2_red expected_source_is_best recovered_correct  injected_sep_arcsec  injected_source_sigma
0                              TIC229689348  candidate       3.605551           2.393654      1.204734                True         1.018648  1.124883                     NaN               NaN                  NaN                    NaN
1                TIC229689348_inject_target  injection       2.236068           2.646284      0.474544                 NaN              NaN  1.201007                     NaN              True             0.455197               0.474544
2   TIC229689348_inject_1422142630385191552  injection      83.934498           0.564190     37.000000                 NaN              NaN  1.259291                     NaN              True            82.900249               0.000000
3   TIC229689348_inject_1422141810046979968  injection       8.485281           2.585441      4.566350                 NaN              NaN  1.201279                     NaN              True             9.215173               0.257985
4   TIC229689348_inject_1422141741327502336  injection      47.853944           0.564190     37.000000                 NaN              NaN  1.203962                     NaN              True            48.706804               0.000000
5                              TIC198412174  candidate       2.236068           2.705758      0.563364                True         0.797367  1.155519                     NaN               NaN                  NaN                    NaN
6                TIC198412174_inject_target  injection       5.830952           3.241022      2.391942                 NaN              NaN  1.138878                     NaN             False             2.311716               2.391942
7   TIC198412174_inject_1437353003661625600  injection      71.847060           0.564190     37.000000                 NaN              NaN  1.142096                     NaN              True            69.819914               0.000000
8   TIC198412174_inject_1437353759575870080  injection      53.150729           0.564190     37.000000                 NaN              NaN  1.142543                     NaN              True            50.157445               0.000000
9   TIC198412174_inject_1437353828295869824  injection      10.630146           2.985411      5.384973                 NaN              NaN  1.138859                     NaN              True             4.743768               2.540798
10                              TIC32090583  candidate       2.236068           1.954410      1.103529                True         1.276613  1.075361                     NaN               NaN                  NaN                    NaN
11                TIC32090583_inject_target  injection       5.099020           4.333622      1.618465                 NaN              NaN  1.094023                     NaN              True             3.779677               1.618465
12   TIC32090583_inject_4667466549703138304  injection      20.615528           2.646284      9.736508                 NaN              NaN  1.092417                     NaN              True             9.826300               3.525388
13   TIC32090583_inject_4667466652782354176  injection      36.249138           0.977205     29.966315                 NaN              NaN  1.096170                     NaN              True            40.426736               0.000000
14   TIC32090583_inject_4667466721501827456  injection      56.568542           0.564190     37.000000                 NaN              NaN  1.117806                     NaN              True            53.854256               0.000000
15                               TOI-218.01    context       1.000000           0.977205      0.635633                True         1.102532  1.048754                     NaN               NaN                  NaN                    NaN
16                               TOI-218.02    context       1.000000           1.128379      0.708419                True         1.165674  1.068401                     NaN               NaN                  NaN                    NaN
17                             TIC294053492  candidate      21.633308           2.034214     11.714370               False         1.764951  1.113185                     NaN               NaN                  NaN                    NaN
18               TIC294053492_inject_target  injection       4.123106           4.259538      0.724965                 NaN              NaN  1.113921                     NaN              True             3.773074               0.724965
19  TIC294053492_inject_5486535779627127680  injection      17.029386           3.431831      5.542288                 NaN              NaN  1.114867                     NaN              True            22.569294               0.141214
20  TIC294053492_inject_5486536157584250880  injection      26.476405           2.034214     14.054052                 NaN              NaN  1.113568                     NaN              True            26.615912               0.576789
21  TIC294053492_inject_5486535672251646976  injection      63.071388           0.564190     37.000000                 NaN              NaN  1.182749                     NaN              True            58.812902               0.000000
22                             TIC149390648  candidate       4.242641           2.763953      1.980380                True         1.518715  1.061073                     NaN               NaN                  NaN                    NaN
23               TIC149390648_inject_target  injection       5.830952           5.046265      1.207807                 NaN              NaN  1.099299                     NaN              True             1.099494               1.207807
24  TIC149390648_inject_4757656533594500352  injection      14.422205           4.686511      3.157974                 NaN              NaN  1.099565                     NaN              True            15.880438               0.167104
25  TIC149390648_inject_4757656598015657728  injection      35.608988           0.564190     31.028237                 NaN              NaN  1.099531                     NaN              True            37.092866               0.399075
26  TIC149390648_inject_4757656494936417152  injection      37.802116           0.797885     33.032406                 NaN              NaN  1.100518                     NaN              True            36.810887               0.000000
27                                TOI-5728b     planet       1.414214           2.326213      0.478272                True         0.972762  1.214840                     NaN               NaN                  NaN                    NaN
28                  TOI-5728b_inject_target  injection       6.000000           3.826520      1.636396                 NaN              NaN  1.236027                     NaN              True             2.749035               1.636396
29     TOI-5728b_inject_1637184534726157440  injection      53.665631           0.564190     37.000000                 NaN              NaN  1.253809                     NaN              True            56.254290               0.000000
30     TOI-5728b_inject_1637184534726157184  injection      40.311289           0.564190     37.000000                 NaN              NaN  1.237377                     NaN              True            44.052248               0.000000
31     TOI-5728b_inject_1637184500366418560  injection      11.000000           3.612576      3.331279                 NaN              NaN  1.236283                     NaN              True            13.438276               1.026803
32                                TOI-6000b     planet       4.472136           1.784124      2.859100                True         0.984885  1.009464                     NaN               NaN                  NaN                    NaN
33                  TOI-6000b_inject_target  injection     123.987903           2.876814      6.881991                 NaN              NaN  3.390050                     NaN              True             0.223715               6.881991
34     TOI-6000b_inject_2261062378812853888  injection      24.083189           2.185097     11.786020                 NaN              NaN  3.432816                     NaN              True            23.955527               0.841296
35     TOI-6000b_inject_2261062172654423936  injection      40.000000           0.797885     37.000000                 NaN              NaN  3.433890                     NaN              True            39.421698               0.218930
36     TOI-6000b_inject_2261056503297591552  injection      52.325902           0.564190     37.000000                 NaN              NaN  3.452320                     NaN              True            52.104065               0.000000
37                                TOI-1756b     planet       3.162278           1.492705      2.743637                True         0.998526  1.200496                     NaN               NaN                  NaN                    NaN
38                  TOI-1756b_inject_target  injection       1.414214           1.784124      0.786018                 NaN              NaN  1.379565                     NaN              True             0.857445               0.786018
39     TOI-1756b_inject_2290553715914294144  injection      46.141088           0.797885     37.000000                 NaN              NaN  1.385272                     NaN              True            44.997177               0.000000
40                                 TOI-700c     planet       0.000000           0.564190      0.000000                True         0.989835  1.195416                     NaN               NaN                  NaN                    NaN
41                   TOI-700c_inject_target  injection       0.000000           0.797885      0.000000                 NaN              NaN  1.099167                     NaN              True             3.066835               0.000000
42                                 TOI-700b     planet       4.123106           2.459245      1.751160                True         1.108364  1.277507                     NaN               NaN                  NaN                    NaN
43                                 TOI-700d     planet       1.000000           2.459245      0.187013                True         1.295947  1.256912                     NaN               NaN                  NaN                    NaN
44                                TOI-2094b     planet       0.000000           1.784124      0.000000                True         0.980472  1.034969                     NaN               NaN                  NaN                    NaN
45                  TOI-2094b_inject_target  injection       1.000000           3.090194      0.345407                 NaN              NaN  1.024844                     NaN              True             0.884315               0.345407
46     TOI-2094b_inject_1649377152308845952  injection      13.892444           2.256758      8.115991                 NaN              NaN  1.024045                     NaN              True            11.252538               1.745561
47     TOI-2094b_inject_1649377190964268416  injection      71.805292           0.564190     37.000000                 NaN              NaN  1.166755                     NaN              True            73.474442               0.000000
48                               TOI-419.01        neb      26.832816           0.564190     37.000000               False         1.313549  1.522214                   False               NaN                  NaN                    NaN
49                                  L98-59c     planet       0.000000           0.564190      0.000000                True         1.031126  1.191081                     NaN               NaN                  NaN                    NaN
50                    L98-59c_inject_target  injection       0.000000           0.797885      0.000000                 NaN              NaN  1.241341                     NaN              True             5.654280               0.000000
51                                  L98-59d     planet       0.000000           0.564190      0.000000                True         0.853709  1.145206                     NaN               NaN                  NaN                    NaN
52                                  L98-59b     planet       1.000000           0.564190      1.675201                True         1.108200  1.277683                     NaN               NaN                  NaN                    NaN
53                              TOI-2283.01        neb      28.460499           5.753627      3.848282               False         0.971733  1.387343                     NaN               NaN                  NaN                    NaN
54                                TOI-2084b     planet       1.000000           1.492705      0.564683                True         1.140292  1.107935                     NaN               NaN                  NaN                    NaN
55                  TOI-2084b_inject_target  injection       1.000000           1.595769      0.363572                 NaN              NaN  1.180199                     NaN              True             0.963841               0.363572
56     TOI-2084b_inject_1652137995942479488  injection      25.079872           1.128379     35.977154                 NaN              NaN  1.181012                     NaN              True            24.026467               0.000000
57     TOI-2084b_inject_1652137995942480000  injection      12.000000           1.492705     10.631006                 NaN              NaN  1.180737                     NaN              True            13.996970               0.581358
58     TOI-2084b_inject_1652137995942480768  injection      42.941821           0.564190     37.000000                 NaN              NaN  1.181539                     NaN              True            44.297122               0.000000
59                              TOI-2084.02        neb      13.000000           0.977205     19.263680               False         1.065013  1.121340                     NaN               NaN                  NaN                    NaN
