TIC 165471200: 1 signals in 24 s
TIC 258776466: 1 signals in 26 s
TIC 306574570: 1 signals in 15 s
TIC 232629466: 2 signals in 14 s
TIC 359482441: 1 signals in 20 s
TIC 260658693: 1 signals in 26 s
TIC 359388713: 1 signals in 27 s
TIC 356786247: 1 signals in 25 s
TIC 350433316: 1 signals in 30 s
TIC 349830417: 1 signals in 39 s
TIC 167087044: 1 signals in 135 s
TIC 311235628: 1 signals in 24 s
TIC 260241701: 1 signals in 45 s
TIC 260369411: 1 signals in 35 s
TIC 441728165: 1 signals in 21 s
TIC 259039250: 1 signals in 26 s
TIC 55450839: 1 signals in 23 s
TIC 38709037: 1 signals in 25 s
TIC 258923893: 1 signals in 20 s
TIC 232649744: 1 signals in 32 s
             label  kind  offset_arcsec  offset_err_arcsec  target_sigma  best_star_is_target  amplitude_ratio  chi2_red
0   TIC165471200_3  weak     117.413798           8.406235      1.938820                 True        -0.798071  1.467071
1   TIC258776466_2  weak      13.152946           7.978846      1.485148                 True         0.600354  1.230996
2   TIC306574570_1  weak     111.395691          10.674968      1.910915                False         0.146934  1.169552
3   TIC232629466_1  weak     115.156415           7.442172      2.878355                False        -0.414116  0.923147
4   TIC232629466_2  weak     107.703296           7.091753      2.304534                 True         0.514380  1.142844
5   TIC359482441_1  weak       7.280110           6.102643      1.387439                 True         0.797917  1.133453
6   TIC260658693_1  weak       2.236068           7.091753      0.116706                 True         0.626244  1.200548
7   TIC359388713_2  weak      32.310989           7.735778      2.361306                False         0.608401  1.442436
8   TIC356786247_1  weak      94.403390           8.195327      4.062495                False        -0.632441  1.277373
9   TIC350433316_1  weak      18.384776           7.817640      1.219589                 True         0.598565  1.132978
10  TIC349830417_1  weak      81.006173           8.920621      2.787612                False        -0.850165  1.084759
11  TIC167087044_4  weak      58.309519          10.910907      1.126460                False         0.188498  1.061660
12  TIC311235628_1  weak      14.212670           8.349243      0.537371                 True         0.361230  1.364916
13  TIC260241701_1  weak       6.324555           7.024104      0.860520                 True         0.664334  1.444882
14  TIC260369411_1  weak       4.123106           6.840435      0.532963                 True         0.449036  1.091626
15  TIC441728165_1  weak      83.725743           8.884866      3.115888                False         0.324141  1.910443
16  TIC259039250_1  weak       6.403124           7.180961      0.611875                 True         0.967585  1.345402
17   TIC55450839_1  weak       4.242641           6.506552      0.378374                 True         0.944840  1.074224
18   TIC38709037_1  weak      12.165525           7.356132      1.707779                 True         0.690364  1.263912
19  TIC258923893_1  weak      16.124515           9.836982      1.713469                False         0.799745  2.474439
20  TIC232649744_2  weak       6.000000           9.524616      0.312307                 True         0.058107  1.144361
