TIC229689348: Rp 1.25 +0.08 -0.07  b 0.80  converged True  free-density rho/rho_TIC 3.13 +1.40 -2.00
The chain is shorter than 50 times the integrated autocorrelation time for 3 parameter(s). Use this estimate with caution and run a longer chain!
N/50 = 440;
tau: [ 337.12203916 1361.17353993 1539.66002825 1808.78234072  270.39371912
  230.29040967]
TIC198412174: Rp 1.35 +0.11 -0.10  b 0.93  converged True  free-density rho/rho_TIC 6.77 +9.42 -6.61
The chain is shorter than 50 times the integrated autocorrelation time for 3 parameter(s). Use this estimate with caution and run a longer chain!
N/50 = 440;
tau: [194.38740232 692.96458451 572.06271834 801.19056211 173.1322482
 161.75757123]
TIC32090583: Rp 1.05 +0.06 -0.06  b 0.51  converged True  free-density rho/rho_TIC 1.10 +0.58 -0.77
The chain is shorter than 50 times the integrated autocorrelation time for 4 parameter(s). Use this estimate with caution and run a longer chain!
N/50 = 440;
tau: [ 590.25007571 1308.53748851 1251.04422349 1495.93778013  256.30181869
  192.91226032]
TIC294053492: Rp 1.29 +0.09 -0.09  b 0.40  converged True  free-density rho/rho_TIC 0.67 +0.62 -0.63
The chain is shorter than 50 times the integrated autocorrelation time for 4 parameter(s). Use this estimate with caution and run a longer chain!
N/50 = 440;
tau: [ 608.90171414 1334.13872156 1380.55498846 1605.66257778  243.89109622
  223.48646426]
TIC149390648: Rp 1.00 +0.07 -0.07  b 0.51  converged True  free-density rho/rho_TIC 0.81 +0.82 -0.78
