.venv-tri/lib/python3.12/site-packages/lightkurve/prf/__init__.py:7: UserWarning: Warning: the tpfmodel submodule is not available without oktopus installed, which requires a current version of autograd. See #1452 for details.
  warnings.warn(
.venv-tri/lib/python3.12/site-packages/pytransit/contamination/contamination.py:34: UserWarning: pkg_resources is deprecated as an API. See https://setuptools.pypa.io/en/latest/pkg_resources.html. The pkg_resources package is slated for removal as early as 2025-11-30. Refrain from using this package or pin to Setuptools<81.
  from pkg_resources import resource_filename
Getting TessCut for sector 2
Getting TessCut for sector 13
Getting TessCut for sector 37
Getting TessCut for sector 96
Estimated missing stellar parameters for 286 of 399 stars from photometry. See the 'params_estimated' column of the .stars dataframe. 13 appear evolved and were assigned a nominal 1 M_Sun.
WARNING: 149390646 is missing stellar properties. If a mass (in M_Sun), radius (in R_Sun), and/or Teff (in K) are not added to the .stars dataframe, Solar values will be assumed.
TIC149390648 run 1: FPP 0.0963 NFPP 0.00477
TIC149390648 run 2: FPP 0.0944 NFPP 0.00475
TIC149390648 run 3: FPP 0.0954 NFPP 0.00463
TIC149390648 run 4: FPP 0.0924 NFPP 0.00467
TIC149390648 run 5: FPP 0.0969 NFPP 0.00469
TIC149390648 failed:
Traceback (most recent call last):
  File "scripts/13_triceratops_run.py", line 119, in <module>
    stars = target.stars[["ID", "Tmag", "sep (arcsec)", "PA (deg)", "fluxratio", "tdepth"]].copy()
            ~~~~~~~~~~~~^^^^^^^^^^^^^^^^^^^^^^^^^^^^^^^^^^^^^^^^^^^^^^^^^^^^^^^^^^^^^^^^^^^
  File ".venv-tri/lib/python3.12/site-packages/pandas/core/frame.py", line 4384, in __getitem__
    indexer = self.columns._get_indexer_strict(key, "columns")[1]
              ^^^^^^^^^^^^^^^^^^^^^^^^^^^^^^^^^^^^^^^^^^^^^^^^
  File ".venv-tri/lib/python3.12/site-packages/pandas/core/indexes/base.py", line 6302, in _get_indexer_strict
    self._raise_if_missing(keyarr, indexer, axis_name)
  File ".venv-tri/lib/python3.12/site-packages/pandas/core/indexes/base.py", line 6355, in _raise_if_missing
    raise KeyError(f"{not_found} not in index")
KeyError: "['PA (deg)'] not in index"

TIC 198412174: 567 Gaia DR3 field stars (VizieR, G < 21.0)
Getting TessCut for sector 14
Getting TessCut for sector 26
