.venv-tri/lib/python3.12/site-packages/lightkurve/prf/__init__.py:7: UserWarning: Warning: the tpfmodel submodule is not available without oktopus installed, which requires a current version of autograd. See #1452 for details.
  warnings.warn(
.venv-tri/lib/python3.12/site-packages/pytransit/contamination/contamination.py:34: UserWarning: pkg_resources is deprecated as an API. See https://setuptools.pypa.io/en/latest/pkg_resources.html. The pkg_resources package is slated for removal as early as 2025-11-30. Refrain from using this package or pin to Setuptools<81.
  from pkg_resources import resource_filename
Getting TessCut for sector 1
Getting TessCut for sector 28
Getting TessCut for sector 64
Getting TessCut for sector 98
Estimated missing stellar parameters for 28 of 60 stars from photometry. See the 'params_estimated' column of the .stars dataframe. 2 appear evolved and were assigned a nominal 1 M_Sun.
TIC32090583: cleared by pixel localization: [{'tic': 32090581, 'gaia': 4667466549703138304, 'sep': 13.536, 'tmag': 13.5064, 'excluded_sigma': 4.447116763846366}]
TIC32090583 run 1: FPP 0.0823 NFPP 0.00035
TIC32090583 run 2: FPP 0.0841 NFPP 0.00031
TIC32090583 run 3: FPP 0.0795 NFPP 0.00037
TIC32090583: FPP 0.0820 +- 0.0023, NFPP 0.00034 (298 s)
Getting TessCut for sector 15
Getting TessCut for sector 23
Getting TessCut for sector 49
Getting TessCut for sector 86
Estimated missing stellar parameters for 52 of 94 stars from photometry. See the 'params_estimated' column of the .stars dataframe. 1 appear evolved and were assigned a nominal 1 M_Sun.
TIC229689348: cleared by pixel localization: [{'tic': 229689347, 'gaia': 1422141810046979968, 'sep': 9.116, 'tmag': 15.8681, 'excluded_sigma': 4.592430686250253}, {'tic': 1400797420, 'gaia': 1422141805751675264, 'sep': 22.63, 'tmag': 20.2242, 'excluded_sigma': 6.747007352046162}, {'tic': 229689349, 'gaia': 1422142462882048000, 'sep': 25.358, 'tmag': 17.7467, 'excluded_sigma': 7.213435299869318}, {'tic': 229689355, 'gaia': 1422141741327502336, 'sep': 48.625, 'tmag': 13.7762, 'excluded_sigma': 8.028393440257744}, {'tic': 229689356, 'gaia': 1422141569528810880, 'sep': 67.869, 'tmag': 15.5307, 'excluded_sigma': 8.027399391930475}, {'tic': 229689338, 'gaia': 1422142630385191552, 'sep': 82.977, 'tmag': 9.6454, 'excluded_sigma': 8.006815785822777}]
TIC229689348 run 1: FPP 0.1993 NFPP 0.00000
TIC229689348 run 2: FPP 0.1994 NFPP 0.00000
TIC229689348 run 3: FPP 0.1924 NFPP 0.00000
TIC229689348: FPP 0.1971 +- 0.0040, NFPP 0.00000 (180 s)
Getting TessCut for sector 2
Getting TessCut for sector 13
Getting TessCut for sector 37
Getting TessCut for sector 96
Estimated missing stellar parameters for 286 of 399 stars from photometry. See the 'params_estimated' column of the .stars dataframe. 13 appear evolved and were assigned a nominal 1 M_Sun.
WARNING: 149390646 is missing stellar properties. If a mass (in M_Sun), radius (in R_Sun), and/or Teff (in K) are not added to the .stars dataframe, Solar values will be assumed.
TIC149390648: cleared by pixel localization: [{'tic': 734290357, 'gaia': 4757656533592363648, 'sep': 15.351, 'tmag': 20.4351, 'excluded_sigma': 6.25491864575214}, {'tic': 734290358, 'gaia': 4757656533592367872, 'sep': 15.454, 'tmag': 20.7784, 'excluded_sigma': 6.034885709120396}, {'tic': 149390651, 'gaia': 4757656533594500352, 'sep': 15.893, 'tmag': 17.3385, 'excluded_sigma': 3.5465761712120902}, {'tic': 734290355, 'gaia': 4757656529296176896, 'sep': 16.653, 'tmag': 20.0738, 'excluded_sigma': 4.505817977765228}, {'tic': 734290359, 'gaia': 4757656533592369280, 'sep': 18.457, 'tmag': 19.7458, 'excluded_sigma': 6.177652913898564}, {'tic': 734290356, 'gaia': 4757656529302964224, 'sep': 21.308, 'tmag': 19.6434, 'excluded_sigma': 6.751264746745384}, {'tic': 734290353, 'gaia': 4757656494936417920, 'sep': 28.847, 'tmag': 20.1919, 'excluded_sigma': 7.2557589269265135}, {'tic': 734290420, 'gaia': 4757656907253308032, 'sep': 35.01, 'tmag': 18.3682, 'excluded_sigma': 7.262552841199651}, {'tic': 734290361, 'gaia': 4757656563655906944, 'sep': 36.549, 'tmag': 18.6325, 'excluded_sigma': 6.559949875654545}, {'tic': 734290352, 'gaia': 4757656494936417152, 'sep': 36.801, 'tmag': 18.4566, 'excluded_sigma': 7.302331181696549}, {'tic': 149390653, 'gaia': 4757656598015657728, 'sep': 37.109, 'tmag': 17.1853, 'excluded_sigma': 6.8030643291571975}, {'tic': 734290376, 'gaia': 4757656602314111232, 'sep': 40.434, 'tmag': 19.5126, 'excluded_sigma': 7.051085186961783}, {'tic': 734290367, 'gaia': 4757656567954240384, 'sep': 43.034, 'tmag': 18.0734, 'excluded_sigma': 6.939208857593925}, {'tic': 734290421, 'gaia': 4757656907253312000, 'sep': 47.295, 'tmag': 18.1087, 'excluded_sigma': 7.288667392464785}, {'tic': 734290371, 'gaia': 4757656598015672576, 'sep': 57.766, 'tmag': 17.7857, 'excluded_sigma': 7.309608960124007}]
TIC149390648 run 1: FPP 0.0903 NFPP 0.00091
TIC149390648 run 2: FPP 0.0844 NFPP 0.00094
TIC149390648 run 3: FPP 0.0896 NFPP 0.00093
TIC149390648: FPP 0.0881 +- 0.0032, NFPP 0.00093 (256 s)
Getting TessCut for sector 14
Getting TessCut for sector 26
Getting TessCut for sector 73
Getting TessCut for sector 86
Estimated missing stellar parameters for 32 of 61 stars from photometry. See the 'params_estimated' column of the .stars dataframe. 1 appear evolved and were assigned a nominal 1 M_Sun.
TIC198412174: cleared by pixel localization: [{'tic': 1271156496, 'gaia': 1437353858359596928, 'sep': 21.737, 'tmag': 19.6655, 'excluded_sigma': 5.376190465153773}, {'tic': 198412168, 'gaia': 1437353759575870080, 'sep': 50.897, 'tmag': 14.6008, 'excluded_sigma': 6.343717748630936}, {'tic': 198412165, 'gaia': 1437353003661625600, 'sep': 72.102, 'tmag': 11.3701, 'excluded_sigma': 6.26108158605946}]
TIC198412174 run 1: FPP 0.4746 NFPP 0.00000
TIC198412174 run 2: FPP 0.4785 NFPP 0.00000
TIC198412174 run 3: FPP 0.4805 NFPP 0.00001
TIC198412174: FPP 0.4779 +- 0.0030, NFPP 0.00001 (223 s)
