.venv-tri/lib/python3.12/site-packages/lightkurve/prf/__init__.py:7: UserWarning: Warning: the tpfmodel submodule is not available without oktopus installed, which requires a current version of autograd. See #1452 for details.
  warnings.warn(
.venv-tri/lib/python3.12/site-packages/pytransit/contamination/contamination.py:34: UserWarning: pkg_resources is deprecated as an API. See https://setuptools.pypa.io/en/latest/pkg_resources.html. The pkg_resources package is slated for removal as early as 2025-11-30. Refrain from using this package or pin to Setuptools<81.
  from pkg_resources import resource_filename
Getting TessCut for sector 14
Getting TessCut for sector 26
Getting TessCut for sector 73
Getting TessCut for sector 86
Estimated missing stellar parameters for 32 of 61 stars from photometry. See the 'params_estimated' column of the .stars dataframe. 1 appear evolved and were assigned a nominal 1 M_Sun.
TIC198412174 run 1: FPP 0.4481 NFPP 0.00076
TIC198412174 run 2: FPP 0.4495 NFPP 0.00074
TIC198412174 run 3: FPP 0.4785 NFPP 0.00064
TIC198412174 run 4: FPP 0.4789 NFPP 0.00069
TIC198412174 run 5: FPP 0.4496 NFPP 0.00064
TIC198412174: FPP 0.4609 +- 0.0162, NFPP 0.00069 (480 s)
TIC 229689348: 736 Gaia DR3 field stars (VizieR, G < 21.0)
Getting TessCut for sector 15
Getting TessCut for sector 23
Getting TessCut for sector 49
Getting TessCut for sector 86
Estimated missing stellar parameters for 52 of 94 stars from photometry. See the 'params_estimated' column of the .stars dataframe. 1 appear evolved and were assigned a nominal 1 M_Sun.
TIC229689348 run 1: FPP 0.1954 NFPP 0.00100
TIC229689348 run 2: FPP 0.1936 NFPP 0.00095
TIC229689348 run 3: FPP 0.2069 NFPP 0.00092
TIC229689348 run 4: FPP 0.2012 NFPP 0.00099
TIC229689348 run 5: FPP 0.2001 NFPP 0.00100
TIC229689348: FPP 0.1994 +- 0.0052, NFPP 0.00097 (618 s)
TIC 32090583: 662 Gaia DR3 field stars (VizieR, G < 21.0)
Getting TessCut for sector 1
Getting TessCut for sector 28
Getting TessCut for sector 64
Getting TessCut for sector 98
Estimated missing stellar parameters for 28 of 60 stars from photometry. See the 'params_estimated' column of the .stars dataframe. 2 appear evolved and were assigned a nominal 1 M_Sun.
TIC32090583 run 1: FPP 0.4128 NFPP 0.35540
TIC32090583 run 2: FPP 0.4090 NFPP 0.35525
TIC32090583 run 3: FPP 0.4334 NFPP 0.37634
TIC32090583 run 4: FPP 0.4020 NFPP 0.34800
TIC32090583 run 5: FPP 0.4142 NFPP 0.35917
TIC32090583: FPP 0.4143 +- 0.0117, NFPP 0.35883 (707 s)
TIC 294053492: 1590 Gaia DR3 field stars (VizieR, G < 21.0)
Getting TessCut for sector 1
Getting TessCut for sector 8
Getting TessCut for sector 87
Getting TessCut for sector 96
Estimated missing stellar parameters for 71 of 165 stars from photometry. See the 'params_estimated' column of the .stars dataframe. 3 appear evolved and were assigned a nominal 1 M_Sun.
TIC294053492 run 1: FPP 0.3442 NFPP 0.30486
