TIC 406857100
Traceback (most recent call last):
  File "scripts/04_search.py", line 41, in run_one
    rec = pipeline.process_star(row, known=_known, out_dir=out_dir)
          ^^^^^^^^^^^^^^^^^^^^^^^^^^^^^^^^^^^^^^^^^^^^^^^^^^^^^^^^^
  File "tess_search/pipeline.py", line 37, in process_star
    v = vetting.vet(lc, d, r_star, m_star)
        ^^^^^^^^^^^^^^^^^^^^^^^^^^^^^^^^^^
  File "tess_search/vetting.py", line 322, in vet
    sigma_core = timescale_noise(lc.time, lc.flux, 0.8 * dur_fit, exclude=in_any)
                 ^^^^^^^^^^^^^^^^^^^^^^^^^^^^^^^^^^^^^^^^^^^^^^^^^^^^^^^^^^^^^^^^
  File "tess_search/vetting.py", line 56, in timescale_noise
    idx = np.floor((t - t[0]) / window).astype(np.int64)
                        ~^^^
IndexError: index 0 is out of bounds for axis 0 with size 0

TIC 382160308
Traceback (most recent call last):
  File "scripts/04_search.py", line 41, in run_one
    rec = pipeline.process_star(row, known=_known, out_dir=out_dir)
          ^^^^^^^^^^^^^^^^^^^^^^^^^^^^^^^^^^^^^^^^^^^^^^^^^^^^^^^^^
  File "tess_search/pipeline.py", line 37, in process_star
    v = vetting.vet(lc, d, r_star, m_star)
        ^^^^^^^^^^^^^^^^^^^^^^^^^^^^^^^^^^
  File "tess_search/vetting.py", line 322, in vet
  File "tess_search/vetting.py", line 56, in timescale_noise
    keep = np.ones(len(time), bool)
                    ^^^^
IndexError: index 0 is out of bounds for axis 0 with size 0

TIC 233532220
Traceback (most recent call last):
  File "scripts/04_search.py", line 41, in run_one
    rec = pipeline.process_star(row, known=_known, out_dir=out_dir)
          ^^^^^^^^^^^^^^^^^^^^^^^^^^^^^^^^^^^^^^^^^^^^^^^^^^^^^^^^^
  File "tess_search/pipeline.py", line 37, in process_star
    v = vetting.vet(lc, d, r_star, m_star)
        ^^^^^^^^^^^^^^^^^^^^^^^^^^^^^^^^^^
  File "tess_search/vetting.py", line 322, in vet
  File "tess_search/vetting.py", line 56, in timescale_noise
    keep = np.ones(len(time), bool)
                    ^^^^
IndexError: index 0 is out of bounds for axis 0 with size 0

TIC 229614158
Traceback (most recent call last):
  File "scripts/04_search.py", line 41, in run_one
    rec = pipeline.process_star(row, known=_known, out_dir=out_dir)
          ^^^^^^^^^^^^^^^^^^^^^^^^^^^^^^^^^^^^^^^^^^^^^^^^^^^^^^^^^
  File "tess_search/pipeline.py", line 37, in process_star
    v = vetting.vet(lc, d, r_star, m_star)
        ^^^^^^^^^^^^^^^^^^^^^^^^^^^^^^^^^^
  File "tess_search/vetting.py", line 322, in vet
  File "tess_search/vetting.py", line 56, in timescale_noise
    keep = np.ones(len(time), bool)
                    ^^^^
IndexError: index 0 is out of bounds for axis 0 with size 0

TIC 25118964
Traceback (most recent call last):
  File "scripts/04_search.py", line 41, in run_one
    rec = pipeline.process_star(row, known=_known, out_dir=out_dir)
          ^^^^^^^^^^^^^^^^^^^^^^^^^^^^^^^^^^^^^^^^^^^^^^^^^^^^^^^^^
  File "tess_search/pipeline.py", line 37, in process_star
    v = vetting.vet(lc, d, r_star, m_star)
        ^^^^^^^^^^^^^^^^^^^^^^^^^^^^^^^^^^
  File "tess_search/vetting.py", line 322, in vet
  File "tess_search/vetting.py", line 56, in timescale_noise
    keep = np.ones(len(time), bool)
                    ^^^^
IndexError: index 0 is out of bounds for axis 0 with size 0

TIC 237286849
Traceback (most recent call last):
  File "scripts/04_search.py", line 41, in run_one
    rec = pipeline.process_star(row, known=_known, out_dir=out_dir)
          ^^^^^^^^^^^^^^^^^^^^^^^^^^^^^^^^^^^^^^^^^^^^^^^^^^^^^^^^^
  File "tess_search/pipeline.py", line 37, in process_star
    v = vetting.vet(lc, d, r_star, m_star)
        ^^^^^^^^^^^^^^^^^^^^^^^^^^^^^^^^^^
  File "tess_search/vetting.py", line 322, in vet
  File "tess_search/vetting.py", line 56, in timescale_noise
    keep = np.ones(len(time), bool)
                    ^^^^
IndexError: index 0 is out of bounds for axis 0 with size 0

TIC 229760249
Traceback (most recent call last):
  File "scripts/04_search.py", line 41, in run_one
    rec = pipeline.process_star(row, known=_known, out_dir=out_dir)
          ^^^^^^^^^^^^^^^^^^^^^^^^^^^^^^^^^^^^^^^^^^^^^^^^^^^^^^^^^
  File "tess_search/pipeline.py", line 37, in process_star
    v = vetting.vet(lc, d, r_star, m_star)
        ^^^^^^^^^^^^^^^^^^^^^^^^^^^^^^^^^^
  File "tess_search/vetting.py", line 322, in vet
    out["trap"] = trap
                 ^^^^^^
  File "tess_search/vetting.py", line 56, in timescale_noise
    def timescale_noise(time, flux, window, exclude=None, cadence=2 / 1440):
                            ^^^^
IndexError: index 0 is out of bounds for axis 0 with size 0

TIC 238194430
Traceback (most recent call last):
  File "scripts/04_search.py", line 41, in run_one
    rec = pipeline.process_star(row, known=_known, out_dir=out_dir)
          ^^^^^^^^^^^^^^^^^^^^^^^^^^^^^^^^^^^^^^^^^^^^^^^^^^^^^^^^^
  File "tess_search/pipeline.py", line 37, in process_star
    v = vetting.vet(lc, d, r_star, m_star)
        ^^^^^^^^^^^^^^^^^^^^^^^^^^^^^^^^^^
  File "tess_search/vetting.py", line 322, in vet
    "snr": det["snr"], "sde": det["sde"], "n_transits": det["n_transits"]}
          ^^^^^^^^^^^^^^^^^^^^^^^^^^^^^^^^^^^^^^^^^^^^^^^^^^^^^^^^^^^^^^^^
  File "tess_search/vetting.py", line 56, in timescale_noise
    return np.round((time - t0) / period).astype(np.int64)
                        ^^^^
IndexError: index 0 is out of bounds for axis 0 with size 0

TIC 167572013
Traceback (most recent call last):
  File "scripts/04_search.py", line 41, in run_one
    rec = pipeline.process_star(row, known=_known, out_dir=out_dir)
          ^^^^^^^^^^^^^^^^^^^^^^^^^^^^^^^^^^^^^^^^^^^^^^^^^^^^^^^^^
  File "tess_search/pipeline.py", line 37, in process_star
    v = vetting.vet(lc, d, r_star, m_star)
        ^^^^^^^^^^^^^^^^^^^^^^^^^^^^^^^^^^
  File "tess_search/vetting.py", line 322, in vet
    "snr": det["snr"], "sde": det["sde"], "n_transits": det["n_transits"]}
          ^^^^^^^^^^^^^^^^^^^^^^^^^^^^^^^^^^^^^^^^^^^^^^^^^^^^^^^^^^^^^^^^
  File "tess_search/vetting.py", line 56, in timescale_noise
    return np.round((time - t0) / period).astype(np.int64)
                        ^^^^
IndexError: index 0 is out of bounds for axis 0 with size 0

